2025-10-17 11:01:16,413 - INFO - Started monitoring: C:/Users/Patel/Desktop/test_folder
2025-10-17 11:01:16,413 - INFO - Started monitoring: C:/Users/Patel/Desktop/test_folder
2025-10-17 11:01:16,413 - INFO - Started monitoring: R:/CyberSecurity/File Integrity Moniter/fim
2025-10-17 11:01:16,413 - INFO - Started monitoring: R:/CyberSecurity/File Integrity Moniter/fim
2025-10-17 11:19:35,711 - INFO - Started monitoring: C:/Users/Patel/Desktop/fim_test
2025-10-17 11:19:35,711 - INFO - Started monitoring: C:/Users/Patel/Desktop/fim_test
2025-10-17 11:19:35,711 - INFO - Started monitoring: R:/CyberSecurity/File Integrity Moniter/fim
2025-10-17 11:19:35,711 - INFO - Started monitoring: R:/CyberSecurity/File Integrity Moniter/fim
2025-10-17 11:21:54,658 - INFO - Started monitoring: C:/Users/Patel/Desktop/fim_test
2025-10-17 11:21:54,658 - INFO - Started monitoring: C:/Users/Patel/Desktop/fim_test
2025-10-17 11:25:49,007 - INFO - Started monitoring: C:/Users/patel/OneDrive/Desktop/fim_test
2025-10-17 11:25:49,007 - INFO - Started monitoring: C:/Users/patel/OneDrive/Desktop/fim_test
2025-10-17 11:27:19,380 - WARNING - New file detected: C:\Users\patel\OneDrive\Desktop\fim_test\test1.txt
2025-10-17 11:27:19,380 - WARNING - New file detected: C:\Users\patel\OneDrive\Desktop\fim_test\test1.txt
2025-10-17 11:27:22,741 - ERROR - Error processing file C:\Users\patel\OneDrive\Desktop\fim_test\test1.txt: name 'msg' is not defined
Traceback (most recent call last):
  File "R:\CyberSecurity\File Integrity Moniter\fim\watcher.py", line 47, in _process
    send_email(self.email_cfg, "FIM Alert: New file detected", f"A new file was created:\n{path}")
    ~~~~~~~~~~^^^^^^^^^^^^^^^^^^^^^^^^^^^^^^^^^^^^^^^^^^^^^^^^^^^^^^^^^^^^^^^^^^^^^^^^^^^^^^^^^^^^
  File "R:\CyberSecurity\File Integrity Moniter\fim\alerter.py", line 15, in send_email
    s.send_message(msg)
                   ^^^
NameError: name 'msg' is not defined
2025-10-17 11:27:22,741 - ERROR - Error processing file C:\Users\patel\OneDrive\Desktop\fim_test\test1.txt: name 'msg' is not defined
Traceback (most recent call last):
  File "R:\CyberSecurity\File Integrity Moniter\fim\watcher.py", line 47, in _process
    send_email(self.email_cfg, "FIM Alert: New file detected", f"A new file was created:\n{path}")
    ~~~~~~~~~~^^^^^^^^^^^^^^^^^^^^^^^^^^^^^^^^^^^^^^^^^^^^^^^^^^^^^^^^^^^^^^^^^^^^^^^^^^^^^^^^^^^^
  File "R:\CyberSecurity\File Integrity Moniter\fim\alerter.py", line 15, in send_email
    s.send_message(msg)
                   ^^^
NameError: name 'msg' is not defined
2025-10-17 11:39:15,102 - INFO - Started monitoring: C:/Users/patel/OneDrive/Desktop/fim_test
2025-10-17 11:39:15,102 - INFO - Started monitoring: C:/Users/patel/OneDrive/Desktop/fim_test
2025-10-17 11:39:32,828 - WARNING - New file detected: C:\Users\patel\OneDrive\Desktop\fim_test\test_file_1.txt
2025-10-17 11:39:32,828 - WARNING - New file detected: C:\Users\patel\OneDrive\Desktop\fim_test\test_file_1.txt
2025-10-17 11:39:36,050 - ERROR - Error processing file C:\Users\patel\OneDrive\Desktop\fim_test\test_file_1.txt: name 'msg' is not defined
Traceback (most recent call last):
  File "R:\CyberSecurity\File Integrity Moniter\fim\watcher.py", line 47, in _process
    send_email(self.email_cfg, "FIM Alert: New file detected", f"A new file was created:\n{path}")
    ~~~~~~~~~~^^^^^^^^^^^^^^^^^^^^^^^^^^^^^^^^^^^^^^^^^^^^^^^^^^^^^^^^^^^^^^^^^^^^^^^^^^^^^^^^^^^^
  File "R:\CyberSecurity\File Integrity Moniter\fim\alerter.py", line 15, in send_email
    s.send_message(msg)
                   ^^^
NameError: name 'msg' is not defined
2025-10-17 11:39:36,050 - ERROR - Error processing file C:\Users\patel\OneDrive\Desktop\fim_test\test_file_1.txt: name 'msg' is not defined
Traceback (most recent call last):
  File "R:\CyberSecurity\File Integrity Moniter\fim\watcher.py", line 47, in _process
    send_email(self.email_cfg, "FIM Alert: New file detected", f"A new file was created:\n{path}")
    ~~~~~~~~~~^^^^^^^^^^^^^^^^^^^^^^^^^^^^^^^^^^^^^^^^^^^^^^^^^^^^^^^^^^^^^^^^^^^^^^^^^^^^^^^^^^^^
  File "R:\CyberSecurity\File Integrity Moniter\fim\alerter.py", line 15, in send_email
    s.send_message(msg)
                   ^^^
NameError: name 'msg' is not defined
2025-10-17 11:39:36,070 - WARNING - New file detected: C:\Users\patel\OneDrive\Desktop\fim_test\test_file_2.txt
2025-10-17 11:39:36,070 - WARNING - New file detected: C:\Users\patel\OneDrive\Desktop\fim_test\test_file_2.txt
2025-10-17 11:39:38,771 - ERROR - Error processing file C:\Users\patel\OneDrive\Desktop\fim_test\test_file_2.txt: name 'msg' is not defined
Traceback (most recent call last):
  File "R:\CyberSecurity\File Integrity Moniter\fim\watcher.py", line 47, in _process
    send_email(self.email_cfg, "FIM Alert: New file detected", f"A new file was created:\n{path}")
    ~~~~~~~~~~^^^^^^^^^^^^^^^^^^^^^^^^^^^^^^^^^^^^^^^^^^^^^^^^^^^^^^^^^^^^^^^^^^^^^^^^^^^^^^^^^^^^
  File "R:\CyberSecurity\File Integrity Moniter\fim\alerter.py", line 15, in send_email
    s.send_message(msg)
                   ^^^
NameError: name 'msg' is not defined
2025-10-17 11:39:38,771 - ERROR - Error processing file C:\Users\patel\OneDrive\Desktop\fim_test\test_file_2.txt: name 'msg' is not defined
Traceback (most recent call last):
  File "R:\CyberSecurity\File Integrity Moniter\fim\watcher.py", line 47, in _process
    send_email(self.email_cfg, "FIM Alert: New file detected", f"A new file was created:\n{path}")
    ~~~~~~~~~~^^^^^^^^^^^^^^^^^^^^^^^^^^^^^^^^^^^^^^^^^^^^^^^^^^^^^^^^^^^^^^^^^^^^^^^^^^^^^^^^^^^^
  File "R:\CyberSecurity\File Integrity Moniter\fim\alerter.py", line 15, in send_email
    s.send_message(msg)
                   ^^^
NameError: name 'msg' is not defined
2025-10-17 11:39:38,784 - WARNING - New file detected: C:\Users\patel\OneDrive\Desktop\fim_test\test_file_3.txt
2025-10-17 11:39:38,784 - WARNING - New file detected: C:\Users\patel\OneDrive\Desktop\fim_test\test_file_3.txt
2025-10-17 11:39:41,423 - ERROR - Error processing file C:\Users\patel\OneDrive\Desktop\fim_test\test_file_3.txt: name 'msg' is not defined
Traceback (most recent call last):
  File "R:\CyberSecurity\File Integrity Moniter\fim\watcher.py", line 47, in _process
    send_email(self.email_cfg, "FIM Alert: New file detected", f"A new file was created:\n{path}")
    ~~~~~~~~~~^^^^^^^^^^^^^^^^^^^^^^^^^^^^^^^^^^^^^^^^^^^^^^^^^^^^^^^^^^^^^^^^^^^^^^^^^^^^^^^^^^^^
  File "R:\CyberSecurity\File Integrity Moniter\fim\alerter.py", line 15, in send_email
    s.send_message(msg)
                   ^^^
NameError: name 'msg' is not defined
2025-10-17 11:39:41,423 - ERROR - Error processing file C:\Users\patel\OneDrive\Desktop\fim_test\test_file_3.txt: name 'msg' is not defined
Traceback (most recent call last):
  File "R:\CyberSecurity\File Integrity Moniter\fim\watcher.py", line 47, in _process
    send_email(self.email_cfg, "FIM Alert: New file detected", f"A new file was created:\n{path}")
    ~~~~~~~~~~^^^^^^^^^^^^^^^^^^^^^^^^^^^^^^^^^^^^^^^^^^^^^^^^^^^^^^^^^^^^^^^^^^^^^^^^^^^^^^^^^^^^
  File "R:\CyberSecurity\File Integrity Moniter\fim\alerter.py", line 15, in send_email
    s.send_message(msg)
                   ^^^
NameError: name 'msg' is not defined
2025-10-17 11:39:41,433 - ERROR - Error processing file C:\Users\patel\OneDrive\Desktop\fim_test\test_file_1.txt: [Errno 13] Permission denied: 'C:\\Users\\patel\\OneDrive\\Desktop\\fim_test\\test_file_1.txt'
Traceback (most recent call last):
  File "R:\CyberSecurity\File Integrity Moniter\fim\watcher.py", line 51, in _process
    new_hash = compute_hash(path, self.hash_algo)
  File "R:\CyberSecurity\File Integrity Moniter\fim\utils.py", line 19, in compute_hash
    with open(file_path, "rb") as f:
         ~~~~^^^^^^^^^^^^^^^^^
PermissionError: [Errno 13] Permission denied: 'C:\\Users\\patel\\OneDrive\\Desktop\\fim_test\\test_file_1.txt'
2025-10-17 11:39:41,433 - ERROR - Error processing file C:\Users\patel\OneDrive\Desktop\fim_test\test_file_1.txt: [Errno 13] Permission denied: 'C:\\Users\\patel\\OneDrive\\Desktop\\fim_test\\test_file_1.txt'
Traceback (most recent call last):
  File "R:\CyberSecurity\File Integrity Moniter\fim\watcher.py", line 51, in _process
    new_hash = compute_hash(path, self.hash_algo)
  File "R:\CyberSecurity\File Integrity Moniter\fim\utils.py", line 19, in compute_hash
    with open(file_path, "rb") as f:
         ~~~~^^^^^^^^^^^^^^^^^
PermissionError: [Errno 13] Permission denied: 'C:\\Users\\patel\\OneDrive\\Desktop\\fim_test\\test_file_1.txt'
2025-10-17 11:41:19,745 - WARNING - New file detected: C:\Users\patel\OneDrive\Desktop\fim_test\stress_file_1.txt
2025-10-17 11:41:19,745 - WARNING - New file detected: C:\Users\patel\OneDrive\Desktop\fim_test\stress_file_1.txt
2025-10-17 11:41:22,775 - ERROR - Error processing file C:\Users\patel\OneDrive\Desktop\fim_test\stress_file_1.txt: name 'msg' is not defined
Traceback (most recent call last):
  File "R:\CyberSecurity\File Integrity Moniter\fim\watcher.py", line 47, in _process
    send_email(self.email_cfg, "FIM Alert: New file detected", f"A new file was created:\n{path}")
    ~~~~~~~~~~^^^^^^^^^^^^^^^^^^^^^^^^^^^^^^^^^^^^^^^^^^^^^^^^^^^^^^^^^^^^^^^^^^^^^^^^^^^^^^^^^^^^
  File "R:\CyberSecurity\File Integrity Moniter\fim\alerter.py", line 15, in send_email
    s.send_message(msg)
                   ^^^
NameError: name 'msg' is not defined
2025-10-17 11:41:22,775 - ERROR - Error processing file C:\Users\patel\OneDrive\Desktop\fim_test\stress_file_1.txt: name 'msg' is not defined
Traceback (most recent call last):
  File "R:\CyberSecurity\File Integrity Moniter\fim\watcher.py", line 47, in _process
    send_email(self.email_cfg, "FIM Alert: New file detected", f"A new file was created:\n{path}")
    ~~~~~~~~~~^^^^^^^^^^^^^^^^^^^^^^^^^^^^^^^^^^^^^^^^^^^^^^^^^^^^^^^^^^^^^^^^^^^^^^^^^^^^^^^^^^^^
  File "R:\CyberSecurity\File Integrity Moniter\fim\alerter.py", line 15, in send_email
    s.send_message(msg)
                   ^^^
NameError: name 'msg' is not defined
2025-10-17 11:41:26,746 - WARNING - New file detected: C:\Users\patel\OneDrive\Desktop\fim_test\stress_file_2.txt
2025-10-17 11:41:26,746 - WARNING - New file detected: C:\Users\patel\OneDrive\Desktop\fim_test\stress_file_2.txt
2025-10-17 11:41:29,841 - ERROR - Error processing file C:\Users\patel\OneDrive\Desktop\fim_test\stress_file_2.txt: name 'msg' is not defined
Traceback (most recent call last):
  File "R:\CyberSecurity\File Integrity Moniter\fim\watcher.py", line 47, in _process
    send_email(self.email_cfg, "FIM Alert: New file detected", f"A new file was created:\n{path}")
    ~~~~~~~~~~^^^^^^^^^^^^^^^^^^^^^^^^^^^^^^^^^^^^^^^^^^^^^^^^^^^^^^^^^^^^^^^^^^^^^^^^^^^^^^^^^^^^
  File "R:\CyberSecurity\File Integrity Moniter\fim\alerter.py", line 15, in send_email
    s.send_message(msg)
                   ^^^
NameError: name 'msg' is not defined
2025-10-17 11:41:29,841 - ERROR - Error processing file C:\Users\patel\OneDrive\Desktop\fim_test\stress_file_2.txt: name 'msg' is not defined
Traceback (most recent call last):
  File "R:\CyberSecurity\File Integrity Moniter\fim\watcher.py", line 47, in _process
    send_email(self.email_cfg, "FIM Alert: New file detected", f"A new file was created:\n{path}")
    ~~~~~~~~~~^^^^^^^^^^^^^^^^^^^^^^^^^^^^^^^^^^^^^^^^^^^^^^^^^^^^^^^^^^^^^^^^^^^^^^^^^^^^^^^^^^^^
  File "R:\CyberSecurity\File Integrity Moniter\fim\alerter.py", line 15, in send_email
    s.send_message(msg)
                   ^^^
NameError: name 'msg' is not defined
2025-10-17 11:41:30,748 - WARNING - New file detected: C:\Users\patel\OneDrive\Desktop\fim_test\stress_file_2.txt
2025-10-17 11:41:30,748 - WARNING - New file detected: C:\Users\patel\OneDrive\Desktop\fim_test\stress_file_2.txt
2025-10-17 11:41:33,422 - ERROR - Error processing file C:\Users\patel\OneDrive\Desktop\fim_test\stress_file_2.txt: name 'msg' is not defined
Traceback (most recent call last):
  File "R:\CyberSecurity\File Integrity Moniter\fim\watcher.py", line 47, in _process
    send_email(self.email_cfg, "FIM Alert: New file detected", f"A new file was created:\n{path}")
    ~~~~~~~~~~^^^^^^^^^^^^^^^^^^^^^^^^^^^^^^^^^^^^^^^^^^^^^^^^^^^^^^^^^^^^^^^^^^^^^^^^^^^^^^^^^^^^
  File "R:\CyberSecurity\File Integrity Moniter\fim\alerter.py", line 15, in send_email
    s.send_message(msg)
                   ^^^
NameError: name 'msg' is not defined
2025-10-17 11:41:33,422 - ERROR - Error processing file C:\Users\patel\OneDrive\Desktop\fim_test\stress_file_2.txt: name 'msg' is not defined
Traceback (most recent call last):
  File "R:\CyberSecurity\File Integrity Moniter\fim\watcher.py", line 47, in _process
    send_email(self.email_cfg, "FIM Alert: New file detected", f"A new file was created:\n{path}")
    ~~~~~~~~~~^^^^^^^^^^^^^^^^^^^^^^^^^^^^^^^^^^^^^^^^^^^^^^^^^^^^^^^^^^^^^^^^^^^^^^^^^^^^^^^^^^^^
  File "R:\CyberSecurity\File Integrity Moniter\fim\alerter.py", line 15, in send_email
    s.send_message(msg)
                   ^^^
NameError: name 'msg' is not defined
2025-10-17 11:41:33,436 - WARNING - New file detected: C:\Users\patel\OneDrive\Desktop\fim_test\stress_file_4.txt
2025-10-17 11:41:33,436 - WARNING - New file detected: C:\Users\patel\OneDrive\Desktop\fim_test\stress_file_4.txt
2025-10-17 11:41:36,094 - ERROR - Error processing file C:\Users\patel\OneDrive\Desktop\fim_test\stress_file_4.txt: name 'msg' is not defined
Traceback (most recent call last):
  File "R:\CyberSecurity\File Integrity Moniter\fim\watcher.py", line 47, in _process
    send_email(self.email_cfg, "FIM Alert: New file detected", f"A new file was created:\n{path}")
    ~~~~~~~~~~^^^^^^^^^^^^^^^^^^^^^^^^^^^^^^^^^^^^^^^^^^^^^^^^^^^^^^^^^^^^^^^^^^^^^^^^^^^^^^^^^^^^
  File "R:\CyberSecurity\File Integrity Moniter\fim\alerter.py", line 15, in send_email
    s.send_message(msg)
                   ^^^
NameError: name 'msg' is not defined
2025-10-17 11:41:36,094 - ERROR - Error processing file C:\Users\patel\OneDrive\Desktop\fim_test\stress_file_4.txt: name 'msg' is not defined
Traceback (most recent call last):
  File "R:\CyberSecurity\File Integrity Moniter\fim\watcher.py", line 47, in _process
    send_email(self.email_cfg, "FIM Alert: New file detected", f"A new file was created:\n{path}")
    ~~~~~~~~~~^^^^^^^^^^^^^^^^^^^^^^^^^^^^^^^^^^^^^^^^^^^^^^^^^^^^^^^^^^^^^^^^^^^^^^^^^^^^^^^^^^^^
  File "R:\CyberSecurity\File Integrity Moniter\fim\alerter.py", line 15, in send_email
    s.send_message(msg)
                   ^^^
NameError: name 'msg' is not defined
2025-10-17 11:41:36,117 - WARNING - New file detected: C:\Users\patel\OneDrive\Desktop\fim_test\stress_file_3.txt
2025-10-17 11:41:36,117 - WARNING - New file detected: C:\Users\patel\OneDrive\Desktop\fim_test\stress_file_3.txt
2025-10-17 11:41:38,927 - ERROR - Error processing file C:\Users\patel\OneDrive\Desktop\fim_test\stress_file_3.txt: name 'msg' is not defined
Traceback (most recent call last):
  File "R:\CyberSecurity\File Integrity Moniter\fim\watcher.py", line 47, in _process
    send_email(self.email_cfg, "FIM Alert: New file detected", f"A new file was created:\n{path}")
    ~~~~~~~~~~^^^^^^^^^^^^^^^^^^^^^^^^^^^^^^^^^^^^^^^^^^^^^^^^^^^^^^^^^^^^^^^^^^^^^^^^^^^^^^^^^^^^
  File "R:\CyberSecurity\File Integrity Moniter\fim\alerter.py", line 15, in send_email
    s.send_message(msg)
                   ^^^
NameError: name 'msg' is not defined
2025-10-17 11:41:38,927 - ERROR - Error processing file C:\Users\patel\OneDrive\Desktop\fim_test\stress_file_3.txt: name 'msg' is not defined
Traceback (most recent call last):
  File "R:\CyberSecurity\File Integrity Moniter\fim\watcher.py", line 47, in _process
    send_email(self.email_cfg, "FIM Alert: New file detected", f"A new file was created:\n{path}")
    ~~~~~~~~~~^^^^^^^^^^^^^^^^^^^^^^^^^^^^^^^^^^^^^^^^^^^^^^^^^^^^^^^^^^^^^^^^^^^^^^^^^^^^^^^^^^^^
  File "R:\CyberSecurity\File Integrity Moniter\fim\alerter.py", line 15, in send_email
    s.send_message(msg)
                   ^^^
NameError: name 'msg' is not defined
2025-10-17 11:41:38,946 - WARNING - New file detected: C:\Users\patel\OneDrive\Desktop\fim_test\stress_file_1.txt
2025-10-17 11:41:38,946 - WARNING - New file detected: C:\Users\patel\OneDrive\Desktop\fim_test\stress_file_1.txt
2025-10-17 11:41:41,653 - ERROR - Error processing file C:\Users\patel\OneDrive\Desktop\fim_test\stress_file_1.txt: name 'msg' is not defined
Traceback (most recent call last):
  File "R:\CyberSecurity\File Integrity Moniter\fim\watcher.py", line 47, in _process
    send_email(self.email_cfg, "FIM Alert: New file detected", f"A new file was created:\n{path}")
    ~~~~~~~~~~^^^^^^^^^^^^^^^^^^^^^^^^^^^^^^^^^^^^^^^^^^^^^^^^^^^^^^^^^^^^^^^^^^^^^^^^^^^^^^^^^^^^
  File "R:\CyberSecurity\File Integrity Moniter\fim\alerter.py", line 15, in send_email
    s.send_message(msg)
                   ^^^
NameError: name 'msg' is not defined
2025-10-17 11:41:41,653 - ERROR - Error processing file C:\Users\patel\OneDrive\Desktop\fim_test\stress_file_1.txt: name 'msg' is not defined
Traceback (most recent call last):
  File "R:\CyberSecurity\File Integrity Moniter\fim\watcher.py", line 47, in _process
    send_email(self.email_cfg, "FIM Alert: New file detected", f"A new file was created:\n{path}")
    ~~~~~~~~~~^^^^^^^^^^^^^^^^^^^^^^^^^^^^^^^^^^^^^^^^^^^^^^^^^^^^^^^^^^^^^^^^^^^^^^^^^^^^^^^^^^^^
  File "R:\CyberSecurity\File Integrity Moniter\fim\alerter.py", line 15, in send_email
    s.send_message(msg)
                   ^^^
NameError: name 'msg' is not defined
2025-10-17 11:42:04,763 - WARNING - New file detected: C:\Users\patel\OneDrive\Desktop\fim_test\stress_file_1.txt
2025-10-17 11:42:04,763 - WARNING - New file detected: C:\Users\patel\OneDrive\Desktop\fim_test\stress_file_1.txt
2025-10-17 11:42:07,924 - ERROR - Error processing file C:\Users\patel\OneDrive\Desktop\fim_test\stress_file_1.txt: name 'msg' is not defined
Traceback (most recent call last):
  File "R:\CyberSecurity\File Integrity Moniter\fim\watcher.py", line 47, in _process
    send_email(self.email_cfg, "FIM Alert: New file detected", f"A new file was created:\n{path}")
    ~~~~~~~~~~^^^^^^^^^^^^^^^^^^^^^^^^^^^^^^^^^^^^^^^^^^^^^^^^^^^^^^^^^^^^^^^^^^^^^^^^^^^^^^^^^^^^
  File "R:\CyberSecurity\File Integrity Moniter\fim\alerter.py", line 15, in send_email
    s.send_message(msg)
                   ^^^
NameError: name 'msg' is not defined
2025-10-17 11:42:07,924 - ERROR - Error processing file C:\Users\patel\OneDrive\Desktop\fim_test\stress_file_1.txt: name 'msg' is not defined
Traceback (most recent call last):
  File "R:\CyberSecurity\File Integrity Moniter\fim\watcher.py", line 47, in _process
    send_email(self.email_cfg, "FIM Alert: New file detected", f"A new file was created:\n{path}")
    ~~~~~~~~~~^^^^^^^^^^^^^^^^^^^^^^^^^^^^^^^^^^^^^^^^^^^^^^^^^^^^^^^^^^^^^^^^^^^^^^^^^^^^^^^^^^^^
  File "R:\CyberSecurity\File Integrity Moniter\fim\alerter.py", line 15, in send_email
    s.send_message(msg)
                   ^^^
NameError: name 'msg' is not defined
2025-10-17 11:42:29,772 - WARNING - New file detected: C:\Users\patel\OneDrive\Desktop\fim_test\stress_file_3.txt
2025-10-17 11:42:29,772 - WARNING - New file detected: C:\Users\patel\OneDrive\Desktop\fim_test\stress_file_3.txt
2025-10-17 11:42:32,895 - ERROR - Error processing file C:\Users\patel\OneDrive\Desktop\fim_test\stress_file_3.txt: name 'msg' is not defined
Traceback (most recent call last):
  File "R:\CyberSecurity\File Integrity Moniter\fim\watcher.py", line 47, in _process
    send_email(self.email_cfg, "FIM Alert: New file detected", f"A new file was created:\n{path}")
    ~~~~~~~~~~^^^^^^^^^^^^^^^^^^^^^^^^^^^^^^^^^^^^^^^^^^^^^^^^^^^^^^^^^^^^^^^^^^^^^^^^^^^^^^^^^^^^
  File "R:\CyberSecurity\File Integrity Moniter\fim\alerter.py", line 15, in send_email
    s.send_message(msg)
                   ^^^
NameError: name 'msg' is not defined
2025-10-17 11:42:32,895 - ERROR - Error processing file C:\Users\patel\OneDrive\Desktop\fim_test\stress_file_3.txt: name 'msg' is not defined
Traceback (most recent call last):
  File "R:\CyberSecurity\File Integrity Moniter\fim\watcher.py", line 47, in _process
    send_email(self.email_cfg, "FIM Alert: New file detected", f"A new file was created:\n{path}")
    ~~~~~~~~~~^^^^^^^^^^^^^^^^^^^^^^^^^^^^^^^^^^^^^^^^^^^^^^^^^^^^^^^^^^^^^^^^^^^^^^^^^^^^^^^^^^^^
  File "R:\CyberSecurity\File Integrity Moniter\fim\alerter.py", line 15, in send_email
    s.send_message(msg)
                   ^^^
NameError: name 'msg' is not defined
2025-10-17 11:42:32,900 - WARNING - New file detected: C:\Users\patel\OneDrive\Desktop\fim_test\stress_file_5.txt
2025-10-17 11:42:32,900 - WARNING - New file detected: C:\Users\patel\OneDrive\Desktop\fim_test\stress_file_5.txt
2025-10-17 11:42:35,523 - ERROR - Error processing file C:\Users\patel\OneDrive\Desktop\fim_test\stress_file_5.txt: name 'msg' is not defined
Traceback (most recent call last):
  File "R:\CyberSecurity\File Integrity Moniter\fim\watcher.py", line 47, in _process
    send_email(self.email_cfg, "FIM Alert: New file detected", f"A new file was created:\n{path}")
    ~~~~~~~~~~^^^^^^^^^^^^^^^^^^^^^^^^^^^^^^^^^^^^^^^^^^^^^^^^^^^^^^^^^^^^^^^^^^^^^^^^^^^^^^^^^^^^
  File "R:\CyberSecurity\File Integrity Moniter\fim\alerter.py", line 15, in send_email
    s.send_message(msg)
                   ^^^
NameError: name 'msg' is not defined
2025-10-17 11:42:35,523 - ERROR - Error processing file C:\Users\patel\OneDrive\Desktop\fim_test\stress_file_5.txt: name 'msg' is not defined
Traceback (most recent call last):
  File "R:\CyberSecurity\File Integrity Moniter\fim\watcher.py", line 47, in _process
    send_email(self.email_cfg, "FIM Alert: New file detected", f"A new file was created:\n{path}")
    ~~~~~~~~~~^^^^^^^^^^^^^^^^^^^^^^^^^^^^^^^^^^^^^^^^^^^^^^^^^^^^^^^^^^^^^^^^^^^^^^^^^^^^^^^^^^^^
  File "R:\CyberSecurity\File Integrity Moniter\fim\alerter.py", line 15, in send_email
    s.send_message(msg)
                   ^^^
NameError: name 'msg' is not defined
2025-10-17 11:42:38,774 - WARNING - New file detected: C:\Users\patel\OneDrive\Desktop\fim_test\stress_file_2.txt
2025-10-17 11:42:38,774 - WARNING - New file detected: C:\Users\patel\OneDrive\Desktop\fim_test\stress_file_2.txt
2025-10-17 11:42:41,833 - ERROR - Error processing file C:\Users\patel\OneDrive\Desktop\fim_test\stress_file_2.txt: name 'msg' is not defined
Traceback (most recent call last):
  File "R:\CyberSecurity\File Integrity Moniter\fim\watcher.py", line 47, in _process
    send_email(self.email_cfg, "FIM Alert: New file detected", f"A new file was created:\n{path}")
    ~~~~~~~~~~^^^^^^^^^^^^^^^^^^^^^^^^^^^^^^^^^^^^^^^^^^^^^^^^^^^^^^^^^^^^^^^^^^^^^^^^^^^^^^^^^^^^
  File "R:\CyberSecurity\File Integrity Moniter\fim\alerter.py", line 15, in send_email
    s.send_message(msg)
                   ^^^
NameError: name 'msg' is not defined
2025-10-17 11:42:41,833 - ERROR - Error processing file C:\Users\patel\OneDrive\Desktop\fim_test\stress_file_2.txt: name 'msg' is not defined
Traceback (most recent call last):
  File "R:\CyberSecurity\File Integrity Moniter\fim\watcher.py", line 47, in _process
    send_email(self.email_cfg, "FIM Alert: New file detected", f"A new file was created:\n{path}")
    ~~~~~~~~~~^^^^^^^^^^^^^^^^^^^^^^^^^^^^^^^^^^^^^^^^^^^^^^^^^^^^^^^^^^^^^^^^^^^^^^^^^^^^^^^^^^^^
  File "R:\CyberSecurity\File Integrity Moniter\fim\alerter.py", line 15, in send_email
    s.send_message(msg)
                   ^^^
NameError: name 'msg' is not defined
2025-10-17 11:42:45,778 - WARNING - New file detected: C:\Users\patel\OneDrive\Desktop\fim_test\stress_file_2.txt
2025-10-17 11:42:45,778 - WARNING - New file detected: C:\Users\patel\OneDrive\Desktop\fim_test\stress_file_2.txt
2025-10-17 11:42:48,891 - ERROR - Error processing file C:\Users\patel\OneDrive\Desktop\fim_test\stress_file_2.txt: name 'msg' is not defined
Traceback (most recent call last):
  File "R:\CyberSecurity\File Integrity Moniter\fim\watcher.py", line 47, in _process
    send_email(self.email_cfg, "FIM Alert: New file detected", f"A new file was created:\n{path}")
    ~~~~~~~~~~^^^^^^^^^^^^^^^^^^^^^^^^^^^^^^^^^^^^^^^^^^^^^^^^^^^^^^^^^^^^^^^^^^^^^^^^^^^^^^^^^^^^
  File "R:\CyberSecurity\File Integrity Moniter\fim\alerter.py", line 15, in send_email
    s.send_message(msg)
                   ^^^
NameError: name 'msg' is not defined
2025-10-17 11:42:48,891 - ERROR - Error processing file C:\Users\patel\OneDrive\Desktop\fim_test\stress_file_2.txt: name 'msg' is not defined
Traceback (most recent call last):
  File "R:\CyberSecurity\File Integrity Moniter\fim\watcher.py", line 47, in _process
    send_email(self.email_cfg, "FIM Alert: New file detected", f"A new file was created:\n{path}")
    ~~~~~~~~~~^^^^^^^^^^^^^^^^^^^^^^^^^^^^^^^^^^^^^^^^^^^^^^^^^^^^^^^^^^^^^^^^^^^^^^^^^^^^^^^^^^^^
  File "R:\CyberSecurity\File Integrity Moniter\fim\alerter.py", line 15, in send_email
    s.send_message(msg)
                   ^^^
NameError: name 'msg' is not defined
2025-10-17 11:42:59,783 - WARNING - New file detected: C:\Users\patel\OneDrive\Desktop\fim_test\stress_file_1.txt
2025-10-17 11:42:59,783 - WARNING - New file detected: C:\Users\patel\OneDrive\Desktop\fim_test\stress_file_1.txt
2025-10-17 11:43:02,812 - ERROR - Error processing file C:\Users\patel\OneDrive\Desktop\fim_test\stress_file_1.txt: name 'msg' is not defined
Traceback (most recent call last):
  File "R:\CyberSecurity\File Integrity Moniter\fim\watcher.py", line 47, in _process
    send_email(self.email_cfg, "FIM Alert: New file detected", f"A new file was created:\n{path}")
    ~~~~~~~~~~^^^^^^^^^^^^^^^^^^^^^^^^^^^^^^^^^^^^^^^^^^^^^^^^^^^^^^^^^^^^^^^^^^^^^^^^^^^^^^^^^^^^
  File "R:\CyberSecurity\File Integrity Moniter\fim\alerter.py", line 15, in send_email
    s.send_message(msg)
                   ^^^
NameError: name 'msg' is not defined
2025-10-17 11:43:02,812 - ERROR - Error processing file C:\Users\patel\OneDrive\Desktop\fim_test\stress_file_1.txt: name 'msg' is not defined
Traceback (most recent call last):
  File "R:\CyberSecurity\File Integrity Moniter\fim\watcher.py", line 47, in _process
    send_email(self.email_cfg, "FIM Alert: New file detected", f"A new file was created:\n{path}")
    ~~~~~~~~~~^^^^^^^^^^^^^^^^^^^^^^^^^^^^^^^^^^^^^^^^^^^^^^^^^^^^^^^^^^^^^^^^^^^^^^^^^^^^^^^^^^^^
  File "R:\CyberSecurity\File Integrity Moniter\fim\alerter.py", line 15, in send_email
    s.send_message(msg)
                   ^^^
NameError: name 'msg' is not defined
2025-10-17 11:44:00,351 - INFO - Started monitoring: C:/Users/patel/OneDrive/Desktop/fim_test
2025-10-17 11:44:00,351 - INFO - Started monitoring: C:/Users/patel/OneDrive/Desktop/fim_test
2025-10-17 11:44:40,047 - WARNING - New file detected: C:\Users\patel\OneDrive\Desktop\fim_test\stress_file_1.txt
2025-10-17 11:44:40,047 - WARNING - New file detected: C:\Users\patel\OneDrive\Desktop\fim_test\stress_file_1.txt
2025-10-17 11:44:44,895 - WARNING - New file detected: C:\Users\patel\OneDrive\Desktop\fim_test\stress_file_4.txt
2025-10-17 11:44:44,895 - WARNING - New file detected: C:\Users\patel\OneDrive\Desktop\fim_test\stress_file_4.txt
2025-10-17 11:44:49,036 - CRITICAL - File modified: C:\Users\patel\OneDrive\Desktop\fim_test\stress_file_1.txt
2025-10-17 11:44:49,036 - CRITICAL - File modified: C:\Users\patel\OneDrive\Desktop\fim_test\stress_file_1.txt
2025-10-17 11:44:54,056 - CRITICAL - File deleted: C:\Users\patel\OneDrive\Desktop\fim_test\stress_file_4.txt
2025-10-17 11:44:54,056 - CRITICAL - File deleted: C:\Users\patel\OneDrive\Desktop\fim_test\stress_file_4.txt
2025-10-17 11:44:58,457 - CRITICAL - File modified: C:\Users\patel\OneDrive\Desktop\fim_test\stress_file_1.txt
2025-10-17 11:44:58,457 - CRITICAL - File modified: C:\Users\patel\OneDrive\Desktop\fim_test\stress_file_1.txt
2025-10-17 11:45:02,515 - WARNING - New file detected: C:\Users\patel\OneDrive\Desktop\fim_test\test_file_1.txt
2025-10-17 11:45:02,515 - WARNING - New file detected: C:\Users\patel\OneDrive\Desktop\fim_test\test_file_1.txt
2025-10-17 11:45:07,048 - WARNING - New file detected: C:\Users\patel\OneDrive\Desktop\fim_test\test_file_2.txt
2025-10-17 11:45:07,048 - WARNING - New file detected: C:\Users\patel\OneDrive\Desktop\fim_test\test_file_2.txt
2025-10-17 11:45:11,288 - WARNING - New file detected: C:\Users\patel\OneDrive\Desktop\fim_test\test_file_3.txt
2025-10-17 11:45:11,288 - WARNING - New file detected: C:\Users\patel\OneDrive\Desktop\fim_test\test_file_3.txt
2025-10-17 11:45:17,061 - WARNING - New file detected: C:\Users\patel\OneDrive\Desktop\fim_test\test_file_1.txt
2025-10-17 11:45:17,061 - WARNING - New file detected: C:\Users\patel\OneDrive\Desktop\fim_test\test_file_1.txt
2025-10-17 11:45:21,528 - WARNING - New file detected: C:\Users\patel\OneDrive\Desktop\fim_test\test_file_2.txt
2025-10-17 11:45:21,528 - WARNING - New file detected: C:\Users\patel\OneDrive\Desktop\fim_test\test_file_2.txt
2025-10-17 11:45:25,736 - WARNING - New file detected: C:\Users\patel\OneDrive\Desktop\fim_test\test_file_3.txt
2025-10-17 11:45:25,736 - WARNING - New file detected: C:\Users\patel\OneDrive\Desktop\fim_test\test_file_3.txt
2025-10-17 12:02:56,141 - INFO - Monitoring started on C:/Users/patel/OneDrive/Desktop/fim_test
2025-10-17 12:03:20,549 - INFO - MODIFIED: C:/Users/patel/OneDrive/Desktop/fim_test\test_file_1.txt
2025-10-17 12:03:20,549 - INFO - MODIFIED: C:/Users/patel/OneDrive/Desktop/fim_test\test_file_1.txt
2025-10-17 12:03:21,550 - INFO - MODIFIED: C:/Users/patel/OneDrive/Desktop/fim_test\test_file_2.txt
2025-10-17 12:03:21,550 - INFO - MODIFIED: C:/Users/patel/OneDrive/Desktop/fim_test\test_file_2.txt
2025-10-17 12:03:22,551 - INFO - MODIFIED: C:/Users/patel/OneDrive/Desktop/fim_test\test_file_3.txt
2025-10-17 12:03:22,552 - INFO - MODIFIED: C:/Users/patel/OneDrive/Desktop/fim_test\test_file_3.txt
2025-10-17 12:03:23,552 - INFO - MODIFIED: C:/Users/patel/OneDrive/Desktop/fim_test\test_file_1.txt
2025-10-17 12:03:24,553 - INFO - MODIFIED: C:/Users/patel/OneDrive/Desktop/fim_test\test_file_2.txt
2025-10-17 12:03:25,555 - INFO - MODIFIED: C:/Users/patel/OneDrive/Desktop/fim_test\test_file_3.txt
2025-10-17 12:03:26,560 - INFO - DELETED: C:/Users/patel/OneDrive/Desktop/fim_test\test_file_1.txt
2025-10-17 12:03:31,835 - INFO - DELETED: C:/Users/patel/OneDrive/Desktop/fim_test\test_file_2.txt
2025-10-17 12:03:36,455 - INFO - DELETED: C:/Users/patel/OneDrive/Desktop/fim_test\test_file_3.txt
2025-10-17 12:03:48,273 - INFO - MODIFIED: C:/Users/patel/OneDrive/Desktop/fim_test\stress_file_2.txt
2025-10-17 12:03:50,274 - INFO - CREATED: C:/Users/patel/OneDrive/Desktop/fim_test\stress_file_3.txt
2025-10-17 12:03:50,274 - INFO - MODIFIED: C:/Users/patel/OneDrive/Desktop/fim_test\stress_file_3.txt
2025-10-17 12:03:52,276 - INFO - DELETED: C:/Users/patel/OneDrive/Desktop/fim_test\stress_file_1.txt
2025-10-17 12:03:57,169 - INFO - MODIFIED: C:/Users/patel/OneDrive/Desktop/fim_test\stress_file_2.txt
2025-10-17 12:03:57,170 - INFO - CREATED: C:/Users/patel/OneDrive/Desktop/fim_test\stress_file_1.txt
2025-10-17 12:03:57,170 - INFO - MODIFIED: C:/Users/patel/OneDrive/Desktop/fim_test\stress_file_1.txt
2025-10-17 12:03:57,279 - INFO - CREATED: C:/Users/patel/OneDrive/Desktop/fim_test\stress_file_5.txt
2025-10-17 12:03:57,279 - INFO - MODIFIED: C:/Users/patel/OneDrive/Desktop/fim_test\stress_file_5.txt
2025-10-17 12:03:58,280 - INFO - MODIFIED: C:/Users/patel/OneDrive/Desktop/fim_test\stress_file_3.txt
2025-10-17 12:03:58,281 - INFO - MODIFIED: C:/Users/patel/OneDrive/Desktop/fim_test\stress_file_3.txt
2025-10-17 12:04:01,281 - INFO - MODIFIED: C:/Users/patel/OneDrive/Desktop/fim_test\stress_file_1.txt
2025-10-17 12:04:01,281 - INFO - MODIFIED: C:/Users/patel/OneDrive/Desktop/fim_test\stress_file_1.txt
2025-10-17 12:04:03,282 - INFO - DELETED: C:/Users/patel/OneDrive/Desktop/fim_test\stress_file_5.txt
2025-10-17 12:04:08,478 - INFO - CREATED: C:/Users/patel/OneDrive/Desktop/fim_test\stress_file_5.txt
2025-10-17 12:04:08,478 - INFO - MODIFIED: C:/Users/patel/OneDrive/Desktop/fim_test\stress_file_5.txt
2025-10-17 12:04:08,478 - INFO - DELETED: C:/Users/patel/OneDrive/Desktop/fim_test\stress_file_1.txt
2025-10-17 12:04:12,962 - INFO - CREATED: C:/Users/patel/OneDrive/Desktop/fim_test\stress_file_1.txt
2025-10-17 12:04:12,962 - INFO - MODIFIED: C:/Users/patel/OneDrive/Desktop/fim_test\stress_file_1.txt
2025-10-17 12:04:12,962 - INFO - DELETED: C:/Users/patel/OneDrive/Desktop/fim_test\stress_file_2.txt
2025-10-17 12:04:17,407 - INFO - DELETED: C:/Users/patel/OneDrive/Desktop/fim_test\stress_file_5.txt
2025-10-17 12:04:19,018 - INFO - Monitoring started on C:/Users/patel/OneDrive/Desktop/fim_test
2025-10-17 12:18:44,610 - INFO - Monitoring started on C:/Users/patel/OneDrive/Desktop/fim_test
2025-10-17 12:19:10,242 - INFO - DELETED: C:/Users/patel/OneDrive/Desktop/fim_test\stress_file_1.txt
2025-10-17 12:19:15,997 - INFO - CREATED: C:/Users/patel/OneDrive/Desktop/fim_test\stress_file_1.txt
2025-10-17 12:19:15,998 - INFO - MODIFIED: C:/Users/patel/OneDrive/Desktop/fim_test\stress_file_1.txt
2025-10-17 12:19:15,998 - INFO - DELETED: C:/Users/patel/OneDrive/Desktop/fim_test\stress_file_3.txt
2025-10-17 12:19:29,248 - INFO - CREATED: C:/Users/patel/OneDrive/Desktop/fim_test\stress_file_4.txt
2025-10-17 12:19:29,249 - INFO - MODIFIED: C:/Users/patel/OneDrive/Desktop/fim_test\stress_file_4.txt
2025-10-17 12:19:30,267 - INFO - CREATED: C:/Users/patel/OneDrive/Desktop/fim_test\stress_file_2.txt
2025-10-17 12:19:30,267 - INFO - MODIFIED: C:/Users/patel/OneDrive/Desktop/fim_test\stress_file_2.txt
2025-10-17 12:19:33,270 - INFO - MODIFIED: C:/Users/patel/OneDrive/Desktop/fim_test\stress_file_2.txt
2025-10-17 12:19:38,271 - INFO - DELETED: C:/Users/patel/OneDrive/Desktop/fim_test\stress_file_2.txt
2025-10-17 12:19:43,342 - INFO - MODIFIED: C:/Users/patel/OneDrive/Desktop/fim_test\stress_file_4.txt
2025-10-17 12:19:43,342 - INFO - CREATED: C:/Users/patel/OneDrive/Desktop/fim_test\stress_file_2.txt
2025-10-17 12:19:43,342 - INFO - MODIFIED: C:/Users/patel/OneDrive/Desktop/fim_test\stress_file_2.txt
2025-10-17 12:19:44,274 - INFO - MODIFIED: C:/Users/patel/OneDrive/Desktop/fim_test\stress_file_2.txt
2025-10-17 12:19:44,274 - INFO - MODIFIED: C:/Users/patel/OneDrive/Desktop/fim_test\stress_file_2.txt
2025-10-17 12:19:46,275 - INFO - MODIFIED: C:/Users/patel/OneDrive/Desktop/fim_test\stress_file_4.txt
2025-10-17 12:19:48,276 - INFO - MODIFIED: C:/Users/patel/OneDrive/Desktop/fim_test\stress_file_1.txt
2025-10-17 12:19:48,276 - INFO - MODIFIED: C:/Users/patel/OneDrive/Desktop/fim_test\stress_file_1.txt
2025-10-17 12:19:51,277 - INFO - MODIFIED: C:/Users/patel/OneDrive/Desktop/fim_test\stress_file_2.txt
2025-10-17 12:19:52,278 - INFO - DELETED: C:/Users/patel/OneDrive/Desktop/fim_test\stress_file_1.txt
2025-10-17 12:19:57,661 - INFO - CREATED: C:/Users/patel/OneDrive/Desktop/fim_test\stress_file_5.txt
2025-10-17 12:19:57,661 - INFO - MODIFIED: C:/Users/patel/OneDrive/Desktop/fim_test\stress_file_5.txt
2025-10-17 12:22:58,233 - INFO - Monitoring started on C:/Users/patel/OneDrive/Desktop/fim_test
2025-10-17 12:23:18,241 - INFO - DELETED: C:/Users/patel/OneDrive/Desktop/fim_test\stress_file_4.txt
2025-10-17 12:23:18,245 - INFO - DELETED: C:/Users/patel/OneDrive/Desktop/fim_test\stress_file_4.txt
2025-10-17 12:23:23,902 - INFO - MODIFIED: C:/Users/patel/OneDrive/Desktop/fim_test\stress_file_5.txt
2025-10-17 12:23:23,905 - INFO - Baseline updated for C:/Users/patel/OneDrive/Desktop/fim_test\stress_file_5.txt
2025-10-17 12:23:24,243 - INFO - MODIFIED: C:/Users/patel/OneDrive/Desktop/fim_test\stress_file_2.txt
2025-10-17 12:23:24,245 - INFO - Baseline updated for C:/Users/patel/OneDrive/Desktop/fim_test\stress_file_2.txt
2025-10-17 12:23:24,246 - INFO - MODIFIED: C:/Users/patel/OneDrive/Desktop/fim_test\stress_file_2.txt
2025-10-17 12:23:24,246 - INFO - Baseline updated for C:/Users/patel/OneDrive/Desktop/fim_test\stress_file_2.txt
2025-10-17 12:23:25,173 - INFO - MODIFIED: C:/Users/patel/OneDrive/Desktop/fim_test\stress_file_5.txt
2025-10-17 12:23:25,173 - INFO - MODIFIED: C:/Users/patel/OneDrive/Desktop/fim_test\stress_file_2.txt
2025-10-17 12:23:27,245 - INFO - MODIFIED: C:/Users/patel/OneDrive/Desktop/fim_test\stress_file_5.txt
2025-10-17 12:23:27,261 - INFO - Baseline updated for C:/Users/patel/OneDrive/Desktop/fim_test\stress_file_5.txt
2025-10-17 12:23:33,246 - INFO - MODIFIED: C:/Users/patel/OneDrive/Desktop/fim_test\stress_file_2.txt
2025-10-17 12:23:33,246 - INFO - MODIFIED: C:/Users/patel/OneDrive/Desktop/fim_test\stress_file_2.txt
2025-10-17 12:23:33,247 - INFO - MODIFIED: C:/Users/patel/OneDrive/Desktop/fim_test\stress_file_2.txt
2025-10-17 12:23:33,249 - INFO - Baseline updated for C:/Users/patel/OneDrive/Desktop/fim_test\stress_file_2.txt
2025-10-17 12:23:33,249 - INFO - MODIFIED: C:/Users/patel/OneDrive/Desktop/fim_test\stress_file_2.txt
2025-10-17 12:23:33,249 - INFO - Baseline updated for C:/Users/patel/OneDrive/Desktop/fim_test\stress_file_2.txt
2025-10-17 12:23:38,248 - INFO - CREATED: C:/Users/patel/OneDrive/Desktop/fim_test\stress_file_1.txt
2025-10-17 12:23:38,248 - INFO - CREATED: C:/Users/patel/OneDrive/Desktop/fim_test\stress_file_1.txt
2025-10-17 12:23:38,248 - INFO - MODIFIED: C:/Users/patel/OneDrive/Desktop/fim_test\stress_file_1.txt
2025-10-17 12:23:38,250 - INFO - Baseline updated for C:/Users/patel/OneDrive/Desktop/fim_test\stress_file_1.txt
2025-10-17 12:23:38,250 - INFO - MODIFIED: C:/Users/patel/OneDrive/Desktop/fim_test\stress_file_1.txt
2025-10-17 12:23:38,250 - INFO - Baseline updated for C:/Users/patel/OneDrive/Desktop/fim_test\stress_file_1.txt
2025-10-17 12:23:41,249 - INFO - MODIFIED: C:/Users/patel/OneDrive/Desktop/fim_test\stress_file_1.txt
2025-10-17 12:23:41,251 - INFO - Baseline updated for C:/Users/patel/OneDrive/Desktop/fim_test\stress_file_1.txt
2025-10-17 12:23:45,250 - INFO - MODIFIED: C:/Users/patel/OneDrive/Desktop/fim_test\stress_file_1.txt
2025-10-17 12:23:45,250 - INFO - MODIFIED: C:/Users/patel/OneDrive/Desktop/fim_test\stress_file_1.txt
2025-10-17 12:23:45,264 - INFO - Baseline updated for C:/Users/patel/OneDrive/Desktop/fim_test\stress_file_1.txt
2025-10-17 12:23:47,251 - INFO - MODIFIED: C:/Users/patel/OneDrive/Desktop/fim_test\stress_file_2.txt
2025-10-17 12:23:47,251 - INFO - MODIFIED: C:/Users/patel/OneDrive/Desktop/fim_test\stress_file_2.txt
2025-10-17 12:23:47,253 - INFO - Baseline updated for C:/Users/patel/OneDrive/Desktop/fim_test\stress_file_2.txt
2025-10-17 12:23:47,253 - INFO - MODIFIED: C:/Users/patel/OneDrive/Desktop/fim_test\stress_file_2.txt
2025-10-17 12:23:47,254 - INFO - Baseline updated for C:/Users/patel/OneDrive/Desktop/fim_test\stress_file_2.txt
2025-10-17 12:23:50,252 - INFO - CREATED: C:/Users/patel/OneDrive/Desktop/fim_test\stress_file_3.txt
2025-10-17 12:23:50,252 - INFO - MODIFIED: C:/Users/patel/OneDrive/Desktop/fim_test\stress_file_3.txt
2025-10-17 12:23:50,254 - INFO - Baseline updated for C:/Users/patel/OneDrive/Desktop/fim_test\stress_file_3.txt
2025-10-17 12:23:50,254 - INFO - MODIFIED: C:/Users/patel/OneDrive/Desktop/fim_test\stress_file_3.txt
2025-10-17 12:23:50,255 - INFO - Baseline updated for C:/Users/patel/OneDrive/Desktop/fim_test\stress_file_3.txt
2025-10-17 12:23:52,253 - INFO - MODIFIED: C:/Users/patel/OneDrive/Desktop/fim_test\stress_file_3.txt
2025-10-17 12:23:52,253 - INFO - MODIFIED: C:/Users/patel/OneDrive/Desktop/fim_test\stress_file_3.txt
2025-10-17 12:23:52,255 - INFO - Baseline updated for C:/Users/patel/OneDrive/Desktop/fim_test\stress_file_3.txt
2025-10-17 12:23:54,254 - INFO - MODIFIED: C:/Users/patel/OneDrive/Desktop/fim_test\stress_file_3.txt
2025-10-17 12:23:54,255 - INFO - MODIFIED: C:/Users/patel/OneDrive/Desktop/fim_test\stress_file_3.txt
2025-10-17 12:23:54,255 - INFO - MODIFIED: C:/Users/patel/OneDrive/Desktop/fim_test\stress_file_3.txt
2025-10-17 12:23:54,258 - INFO - Baseline updated for C:/Users/patel/OneDrive/Desktop/fim_test\stress_file_3.txt
2025-10-17 12:23:54,258 - INFO - MODIFIED: C:/Users/patel/OneDrive/Desktop/fim_test\stress_file_3.txt
2025-10-17 12:23:54,259 - INFO - Baseline updated for C:/Users/patel/OneDrive/Desktop/fim_test\stress_file_3.txt
2025-10-17 12:23:55,256 - INFO - DELETED: C:/Users/patel/OneDrive/Desktop/fim_test\stress_file_2.txt
2025-10-17 12:24:00,566 - INFO - MODIFIED: C:/Users/patel/OneDrive/Desktop/fim_test\stress_file_1.txt
2025-10-17 12:24:01,142 - INFO - Removed C:/Users/patel/OneDrive/Desktop/fim_test\stress_file_2.txt from baseline
2025-10-17 12:24:01,142 - INFO - MODIFIED: C:/Users/patel/OneDrive/Desktop/fim_test\stress_file_1.txt
2025-10-17 12:24:01,144 - INFO - Baseline updated for C:/Users/patel/OneDrive/Desktop/fim_test\stress_file_1.txt
2025-10-17 12:24:01,258 - INFO - DELETED: C:/Users/patel/OneDrive/Desktop/fim_test\stress_file_3.txt
2025-10-17 12:24:06,151 - INFO - CREATED: C:/Users/patel/OneDrive/Desktop/fim_test\stress_file_4.txt
2025-10-17 12:24:06,152 - INFO - MODIFIED: C:/Users/patel/OneDrive/Desktop/fim_test\stress_file_4.txt
2025-10-17 12:24:06,152 - INFO - MODIFIED: C:/Users/patel/OneDrive/Desktop/fim_test\stress_file_5.txt
2025-10-17 12:24:06,682 - INFO - Removed C:/Users/patel/OneDrive/Desktop/fim_test\stress_file_3.txt from baseline
2025-10-17 12:24:06,682 - INFO - CREATED: C:/Users/patel/OneDrive/Desktop/fim_test\stress_file_4.txt
2025-10-17 12:24:06,685 - INFO - Baseline updated for C:/Users/patel/OneDrive/Desktop/fim_test\stress_file_4.txt
2025-10-17 12:24:06,685 - INFO - MODIFIED: C:/Users/patel/OneDrive/Desktop/fim_test\stress_file_4.txt
2025-10-17 12:24:06,686 - INFO - Baseline updated for C:/Users/patel/OneDrive/Desktop/fim_test\stress_file_4.txt
2025-10-17 12:24:06,686 - INFO - MODIFIED: C:/Users/patel/OneDrive/Desktop/fim_test\stress_file_5.txt
2025-10-17 12:24:06,687 - INFO - Baseline updated for C:/Users/patel/OneDrive/Desktop/fim_test\stress_file_5.txt
2025-10-17 12:24:09,266 - INFO - MODIFIED: C:/Users/patel/OneDrive/Desktop/fim_test\stress_file_5.txt
2025-10-17 12:24:09,269 - INFO - Baseline updated for C:/Users/patel/OneDrive/Desktop/fim_test\stress_file_5.txt
2025-10-17 12:28:20,965 - INFO - Monitoring started on C:/Users/patel/OneDrive/Desktop/fim_test
2025-10-17 12:28:23,162 - INFO - MODIFIED: C:/Users/patel/OneDrive/Desktop/fim_test\stress_file_5.txt
2025-10-17 12:28:28,567 - INFO - Baseline updated for C:/Users/patel/OneDrive/Desktop/fim_test\stress_file_5.txt
2025-10-17 12:28:28,567 - INFO - MODIFIED: C:/Users/patel/OneDrive/Desktop/fim_test\stress_file_5.txt
2025-10-17 12:28:33,574 - INFO - Baseline updated for C:/Users/patel/OneDrive/Desktop/fim_test\stress_file_5.txt
2025-10-17 12:28:33,574 - INFO - CREATED: C:/Users/patel/OneDrive/Desktop/fim_test\stress_file_2.txt
2025-10-17 12:28:38,214 - INFO - Baseline updated for C:/Users/patel/OneDrive/Desktop/fim_test\stress_file_2.txt
2025-10-17 12:28:38,214 - INFO - MODIFIED: C:/Users/patel/OneDrive/Desktop/fim_test\stress_file_2.txt
2025-10-17 12:28:42,893 - INFO - Baseline updated for C:/Users/patel/OneDrive/Desktop/fim_test\stress_file_2.txt
2025-10-17 12:28:42,893 - INFO - MODIFIED: C:/Users/patel/OneDrive/Desktop/fim_test\stress_file_4.txt
2025-10-17 12:28:48,401 - INFO - Baseline updated for C:/Users/patel/OneDrive/Desktop/fim_test\stress_file_4.txt
2025-10-17 12:28:48,401 - INFO - DELETED: C:/Users/patel/OneDrive/Desktop/fim_test\stress_file_4.txt
2025-10-17 12:28:53,246 - INFO - Removed C:/Users/patel/OneDrive/Desktop/fim_test\stress_file_4.txt from baseline
2025-10-17 12:28:53,246 - INFO - MODIFIED: C:/Users/patel/OneDrive/Desktop/fim_test\stress_file_1.txt
2025-10-17 12:28:58,287 - ERROR - Failed to update baseline for C:/Users/patel/OneDrive/Desktop/fim_test\stress_file_1.txt: [Errno 2] No such file or directory: 'C:/Users/patel/OneDrive/Desktop/fim_test\\stress_file_1.txt'
2025-10-17 12:28:58,287 - INFO - CREATED: C:/Users/patel/OneDrive/Desktop/fim_test\stress_file_4.txt
